━━━━━━━━━━━━━━━━━━━━━━━
  测试完成: ✅ 388 通过, ❌ 0 失败
━━━━━━━━━━━━━━━━━━━━━━━

无失败项